Microchip MPLAB XC8 Compiler V1.42 ()

Linker command line:

-W-3 --edf=/Applications/microchip/xc8/v1.42/dat/en_msgs.txt -cs \
  -h+dist/default/production/robbie-pic-motor-controller.X.production.sym \
  --cmf=dist/default/production/robbie-pic-motor-controller.X.production.cmf \
  -z -Q18F14K50 -o/tmp/xcDiI9Cd4 \
  -Mdist/default/production/robbie-pic-motor-controller.X.production.map \
  -E1 -ver=XC8 -ASTACK=073h-02ffh -pstack=STACK -ACODE=00h-03FFFh \
  -ACONST=00h-03FFFh -ASMALLCONST=0300h-03FFhx61 -AMEDIUMCONST=0300h-03FFFh \
  -ACOMRAM=01h-05Fh -AABS1=00h-02FFh -ABIGRAM=01h-02FFh \
  -ARAM=060h-0FFh,0100h-01FFhx2 -ABANK0=060h-0FFh -ABANK1=0100h-01FFh \
  -ABANK2=0200h-02FFh -ASFR=0F53h-0F5Fh,0F60h-0FFFh \
  -preset_vec=00h,intcode=08h,intcodelo,powerup,init -pramtop=0300h \
  -psmallconst=SMALLCONST -pmediumconst=MEDIUMCONST -pconst=CONST \
  -AFARRAM=00h-00h -ACONFIG=0300000h-030000Dh -pconfig=CONFIG \
  -AIDLOC=0200000h-0200007h -pidloc=IDLOC -AEEDATA=0F00000h-0F000FFh \
  -peeprom_data=EEDATA \
  -prdata=COMRAM,nvrram=COMRAM,nvbit=COMRAM,rbss=COMRAM,rbit=COMRAM \
  -pfarbss=FARRAM,fardata=FARRAM,nvFARRAM=FARRAM \
  -pintsave_regs=BIGRAM,bigbss=BIGRAM,bigdata=BIGRAM -pbss=RAM \
  -pidata=CODE,irdata=CODE,ibigdata=CODE,ifardata=CODE -prparam=COMRAM \
  /tmp/xcaKczrhc.obj \
  dist/default/production/robbie-pic-motor-controller.X.production.obj 

Object code version is 3.11

Machine type is 18F14K50

Call graph: (short form)




                Name                               Link     Load   Length Selector   Space Scale
/tmp/xcaKczrhc.obj
                init                                3A2      3A2        4        4       0
                reset_vec                             0        0        4        0       0
                idloc                            200000   200000        8   200000       0
                config                           300000   300000        E   300000       0
dist/default/production/robbie-pic-motor-controller.X.production.obj
                intcode                               8        8      39A        4       0
                temp                                 49       49        1        1       1
                text12                             1984     1984       26        4       0
                text10                              E1A      E1A      37A        4       0
                text9                              195E     195E       26        4       0
                text8                               9BE      9BE      45C        4       0
                text7                              1846     1846       E0        4       0
                text6                              1194     1194      344        4       0
                text5                              1702     1702      144        4       0
                text4                               3A6      3A6      618        4       0
                text3                              19AA     19AA       22        4       0
                text2                              14D8     14D8      22A        4       0
                text1                              19E4     19E4        E        4       0
                text0                              19CC     19CC       18        4       0
                cstackCOMRAM                         26       26       20        1       1
                cstackBANK0                          60       60       13       60       1
                dataCOMRAM                           46       46        3        1       1
                bssCOMRAM                             1        1       25        1       1
                cinit                              1926     1926       38        4       0
                idataCOMRAM                        19F2     19F2        3        4       0

TOTAL           Name                               Link     Load   Length     Space
        CLASS   STACK          

        CLASS   CODE           
                intcode                               8        8      39A         0
                init                                3A2      3A2        4         0
                reset_vec                             0        0        4         0
                text12                             1984     1984       26         0
                text10                              E1A      E1A      37A         0
                text9                              195E     195E       26         0
                text8                               9BE      9BE      45C         0
                text7                              1846     1846       E0         0
                text6                              1194     1194      344         0
                text5                              1702     1702      144         0
                text4                               3A6      3A6      618         0
                text3                              19AA     19AA       22         0
                text2                              14D8     14D8      22A         0
                text1                              19E4     19E4        E         0
                text0                              19CC     19CC       18         0
                cinit                              1926     1926       38         0
                idataCOMRAM                        19F2     19F2        3         0

        CLASS   CONST          

        CLASS   SMALLCONST     

        CLASS   MEDIUMCONST    

        CLASS   COMRAM         
                temp                                 49       49        1         1
                cstackCOMRAM                         26       26       20         1
                dataCOMRAM                           46       46        3         1
                bssCOMRAM                             1        1       25         1

        CLASS   ABS1           

        CLASS   BIGRAM         

        CLASS   RAM            

        CLASS   BANK0          
                cstackBANK0                          60       60       13         1

        CLASS   BANK1          

        CLASS   BANK2          

        CLASS   SFR            

        CLASS   FARRAM         

        CLASS   CONFIG         
                config                           300000   300000        E         0

        CLASS   IDLOC          
                idloc                            200000   200000        8         0

        CLASS   EEDATA         



SEGMENTS        Name                           Load    Length   Top    Selector   Space  Class

                reset_vec                      000000  000004  000004         0       0  CODE    
                bssCOMRAM                      000001  000049  00004A         1       1  COMRAM  
                intcode                        000008  0019ED  0019F5         4       0  CODE    
                cstackBANK0                    000060  000013  000073        60       1  BANK0   
                idloc                          200000  000008  200008    200000       0  IDLOC   
                config                         300000  00000E  30000E    300000       0  CONFIG  


UNUSED ADDRESS RANGES

        Name                Unused          Largest block    Delta
        BANK0            000073-0000FF               8D
        BANK1            000100-0001FF              100
        BANK2            000200-0002FF              100
        BIGRAM           00004A-00005F               16
                         000073-0002FF              28D
        CODE             000004-000007                4
                         0019F5-003FFF             260B
        COMRAM           00004A-00005F               16
        CONST            000004-000007                4
                         0019F5-003FFF             260B
        EEDATA           F00000-F000FF              100
        MEDIUMCONST      0019F5-003FFF             260B
        RAM              000073-0002FF              100
        SFR              000F53-000FFF                D
        SMALLCONST       0019F5-003FFF              100
        STACK            000073-0002FF              28D

                                  Symbol Table

?___wmul                     cstackCOMRAM 00003C
?i2___wmul                   cstackCOMRAM 000026
AccelerateMotor@index        cstackBANK0  000067
AcceleratePWM@i              cstackBANK0  00006D
CheckPWMOutput@i             cstackBANK0  000071
ExponentialProfile@change    cstackCOMRAM 000043
ExponentialProfile@current   cstackCOMRAM 000044
ExponentialProfile@target    cstackCOMRAM 000042
InitPWM@i                    cstackBANK0  000060
InitPWM@n                    cstackBANK0  000062
SetPin@pin                   cstackCOMRAM 000043
SetPin@value                 cstackCOMRAM 000042
StopMotor@index              cstackBANK0  000067
_AccelCount                  bssCOMRAM    00001F
_AccelRate                   dataCOMRAM   000046
_AccelType                   bssCOMRAM    000024
_AccelerateMotor             text8        0009BE
_AcceleratePWM               text5        001702
_CheckPWMOutput              text4        0003A6
_ExponentialProfile          text10       000E1A
_I2C_Slave_Read              intcode      000008
_INTCON2bits                 (abs)        000FF1
_INTCONbits                  (abs)        000FF2
_InitI2C                     text3        0019AA
_InitPWM                     text2        0014D8
_InitPorts                   text1        0019E4
_LATAbits                    (abs)        000F89
_LATBbits                    (abs)        000F8A
_LATCbits                    (abs)        000F8B
_MinimumDuty                 bssCOMRAM    000023
_Motors                      bssCOMRAM    000001
_OSCCONbits                  (abs)        000FD3
_PIE1bits                    (abs)        000F9D
_PIR1bits                    (abs)        000F9E
_PWMEnable                   dataCOMRAM   000048
_PWMPause                    bssCOMRAM    000025
_SSPADD                      (abs)        000FC8
_SSPBUF                      (abs)        000FC9
_SSPCON1bits                 (abs)        000FC6
_SSPCON2bits                 (abs)        000FC5
_SSPSTATbits                 (abs)        000FC7
_SetPin                      text7        001846
_StopMotor                   text6        001194
_T0CONbits                   (abs)        000FD5
_TMR0                        (abs)        000FD6
_TRISA                       (abs)        000F92
_TRISB                       (abs)        000F93
_TRISC                       (abs)        000F94
_WPUBbits                    (abs)        000F78
__CFG_BBSIZ$OFF              (abs)        000000
__CFG_BOREN$SBORDIS          (abs)        000000
__CFG_BORV$19                (abs)        000000
__CFG_CP0$OFF                (abs)        000000
__CFG_CP1$OFF                (abs)        000000
__CFG_CPB$OFF                (abs)        000000
__CFG_CPD$OFF                (abs)        000000
__CFG_CPUDIV$NOCLKDIV        (abs)        000000
__CFG_EBTR0$OFF              (abs)        000000
__CFG_EBTR1$OFF              (abs)        000000
__CFG_EBTRB$OFF              (abs)        000000
__CFG_FCMEN$OFF              (abs)        000000
__CFG_FOSC$IRC               (abs)        000000
__CFG_HFOFST$ON              (abs)        000000
__CFG_IESO$OFF               (abs)        000000
__CFG_LVP$OFF                (abs)        000000
__CFG_MCLRE$OFF              (abs)        000000
__CFG_PCLKEN$ON              (abs)        000000
__CFG_PLLEN$OFF              (abs)        000000
__CFG_PWRTEN$OFF             (abs)        000000
__CFG_STVREN$ON              (abs)        000000
__CFG_USBDIV$OFF             (abs)        000000
__CFG_WDTEN$OFF              (abs)        000000
__CFG_WDTPS$32768            (abs)        000000
__CFG_WRT0$OFF               (abs)        000000
__CFG_WRT1$OFF               (abs)        000000
__CFG_WRTB$OFF               (abs)        000000
__CFG_WRTC$OFF               (abs)        000000
__CFG_WRTD$OFF               (abs)        000000
__CFG_XINST$OFF              (abs)        000000
__HRAM                       (abs)        000000
__Habs1                      abs1         000000
__Hbank0                     bank0        000000
__Hbank1                     bank1        000000
__Hbank2                     bank2        000000
__Hbigbss                    bigbss       000000
__Hbigdata                   bigdata      000000
__Hbigram                    bigram       000000
__Hbss                       bss          000000
__HbssCOMRAM                 bssCOMRAM    000000
__Hcinit                     cinit        000000
__Hclrtext                   clrtext      000000
__Hcomram                    comram       000000
__Hconfig                    config       30000E
__Hconst                     const        000000
__HcstackBANK0               cstackBANK0  000000
__HcstackCOMRAM              cstackCOMRAM 000000
__Hdata                      data         000000
__HdataCOMRAM                dataCOMRAM   000000
__Heeprom_data               eeprom_data  000000
__Hfarbss                    farbss       000000
__Hfardata                   fardata      000000
__Hibigdata                  ibigdata     000000
__Hidata                     idata        000000
__HidataCOMRAM               idataCOMRAM  000000
__Hidloc                     idloc        200008
__Hifardata                  ifardata     000000
__Hinit                      init         0003A6
__Hintcode                   intcode      0003A2
__Hintcode_body              intcode_body 000000
__Hintcodelo                 intcodelo    0003A2
__Hintentry                  intentry     000000
__Hintret                    intret       000000
__Hintsave_regs              intsave_regs 000000
__Hirdata                    irdata       000000
__Hmediumconst               mediumconst  000000
__HnvFARRAM                  nvFARRAM     000000
__Hnvbit                     nvbit        000000
__Hnvrram                    nvrram       000000
__Hparam                     rparam       000000
__Hpowerup                   powerup      0003A2
__Hram                       ram          000000
__Hramtop                    ramtop       000300
__Hrbit                      rbit         000000
__Hrbss                      rbss         000000
__Hrdata                     rdata        000000
__Hreset_vec                 reset_vec    000004
__Hrparam                    rparam       000000
__Hsfr                       sfr          000000
__Hsmallconst                smallconst   000000
__Hspace_0                   (abs)        30000E
__Hspace_1                   (abs)        000073
__Hspace_2                   (abs)        000000
__Hstack                     stack        000000
__Hstruct                    struct       000000
__Htemp                      temp         00004A
__Htext                      text         000000
__Htext0                     text0        000000
__Htext1                     text1        000000
__Htext10                    text10       000000
__Htext12                    text12       000000
__Htext2                     text2        000000
__Htext3                     text3        000000
__Htext4                     text4        000000
__Htext5                     text5        000000
__Htext6                     text6        000000
__Htext7                     text7        000000
__Htext8                     text8        000000
__Htext9                     text9        000000
__LRAM                       (abs)        000001
__Labs1                      abs1         000000
__Lbank0                     bank0        000000
__Lbank1                     bank1        000000
__Lbank2                     bank2        000000
__Lbigbss                    bigbss       000000
__Lbigdata                   bigdata      000000
__Lbigram                    bigram       000000
__Lbss                       bss          000000
__LbssCOMRAM                 bssCOMRAM    000000
__Lcinit                     cinit        000000
__Lclrtext                   clrtext      000000
__Lcomram                    comram       000000
__Lconfig                    config       300000
__Lconst                     const        000000
__LcstackBANK0               cstackBANK0  000000
__LcstackCOMRAM              cstackCOMRAM 000000
__Ldata                      data         000000
__LdataCOMRAM                dataCOMRAM   000000
__Leeprom_data               eeprom_data  000000
__Lfarbss                    farbss       000000
__Lfardata                   fardata      000000
__Libigdata                  ibigdata     000000
__Lidata                     idata        000000
__LidataCOMRAM               idataCOMRAM  000000
__Lidloc                     idloc        200000
__Lifardata                  ifardata     000000
__Linit                      init         0003A2
__Lintcode                   intcode      000008
__Lintcode_body              intcode_body 000000
__Lintcodelo                 intcodelo    0003A2
__Lintentry                  intentry     000000
__Lintret                    intret       000000
__Lintsave_regs              intsave_regs 000000
__Lirdata                    irdata       000000
__Lmediumconst               mediumconst  000000
__LnvFARRAM                  nvFARRAM     000000
__Lnvbit                     nvbit        000000
__Lnvrram                    nvrram       000000
__Lparam                     rparam       000000
__Lpowerup                   powerup      0003A2
__Lram                       ram          000000
__Lramtop                    ramtop       000300
__Lrbit                      rbit         000000
__Lrbss                      rbss         000000
__Lrdata                     rdata        000000
__Lreset_vec                 reset_vec    000000
__Lrparam                    rparam       000000
__Lsfr                       sfr          000000
__Lsmallconst                smallconst   000000
__Lspace_0                   (abs)        000000
__Lspace_1                   (abs)        000000
__Lspace_2                   (abs)        000000
__Lstack                     stack        000000
__Lstruct                    struct       000000
__Ltemp                      temp         000049
__Ltext                      text         000000
__Ltext0                     text0        000000
__Ltext1                     text1        000000
__Ltext10                    text10       000000
__Ltext12                    text12       000000
__Ltext2                     text2        000000
__Ltext3                     text3        000000
__Ltext4                     text4        000000
__Ltext5                     text5        000000
__Ltext6                     text6        000000
__Ltext7                     text7        000000
__Ltext8                     text8        000000
__Ltext9                     text9        000000
__S0                         (abs)        30000E
__S1                         (abs)        000073
__S2                         (abs)        000000
___inthi_sp                  stack        000000
___intlo_sp                  stack        000000
___param_bank                (abs)        000000
___rparam_used               (abs)        000001
___sp                        stack        000000
___wmul                      text9        00195E
___wmul@multiplicand         cstackCOMRAM 00003E
___wmul@multiplier           cstackCOMRAM 00003C
___wmul@product              cstackCOMRAM 000040
__accesstop                  (abs)        000060
__activetblptr               (abs)        000002
__end_of_AccelerateMotor     text8        000E1A
__end_of_AcceleratePWM       text5        001846
__end_of_CheckPWMOutput      text4        0009BE
__end_of_ExponentialProfile  text10       001194
__end_of_I2C_Slave_Read      intcode      0003A2
__end_of_InitI2C             text3        0019CC
__end_of_InitPWM             text2        001702
__end_of_InitPorts           text1        0019F2
__end_of_SetPin              text7        001926
__end_of_StopMotor           text6        0014D8
__end_of___wmul              text9        001984
__end_of__initialization     cinit        001950
__end_of_main                text0        0019E4
__end_ofi2___wmul            text12       0019AA
__initialization             cinit        001926
__mediumconst                mediumconst  000000
__pbssCOMRAM                 bssCOMRAM    000001
__pcinit                     cinit        001926
__pcstackBANK0               cstackBANK0  000060
__pcstackCOMRAM              cstackCOMRAM 000026
__pdataCOMRAM                dataCOMRAM   000046
__pidataCOMRAM               idataCOMRAM  0019F2
__pintcode                   intcode      000008
__ptext0                     text0        0019CC
__ptext1                     text1        0019E4
__ptext10                    text10       000E1A
__ptext12                    text12       001984
__ptext2                     text2        0014D8
__ptext3                     text3        0019AA
__ptext4                     text4        0003A6
__ptext5                     text5        001702
__ptext6                     text6        001194
__ptext7                     text7        001846
__ptext8                     text8        0009BE
__ptext9                     text9        00195E
__ramtop                     ramtop       000300
__size_of_AccelerateMotor    (abs)        000000
__size_of_AcceleratePWM      (abs)        000000
__size_of_CheckPWMOutput     (abs)        000000
__size_of_ExponentialProfile (abs)        000000
__size_of_I2C_Slave_Read     (abs)        000000
__size_of_InitI2C            (abs)        000000
__size_of_InitPWM            (abs)        000000
__size_of_InitPorts          (abs)        000000
__size_of_SetPin             (abs)        000000
__size_of_StopMotor          (abs)        000000
__size_of___wmul             (abs)        000000
__size_of_main               (abs)        000000
__size_ofi2___wmul           (abs)        000000
__smallconst                 smallconst   000000
_currentByte                 bssCOMRAM    000022
_i                           bssCOMRAM    00001D
_main                        text0        0019CC
_state                       bssCOMRAM    000021
btemp                        temp         000049
end_of_initialization        cinit        001950
i2___wmul                    text12       001984
i2___wmul@multiplicand       cstackCOMRAM 000028
i2___wmul@multiplier         cstackCOMRAM 000026
i2___wmul@product            cstackCOMRAM 00002A
int$flags                    temp         000049
intlevel0                    text         000000
intlevel1                    text         000000
intlevel2                    text         000000
intlevel3                    text         000000
stackhi                      (abs)        0002FF
stacklo                      (abs)        000073
start                        init         0003A2
start_initialization         cinit        001926


FUNCTION INFORMATION:

 *************** function _main *****************
 Defined at:
		line 115 in file "main.c"
 Parameters:    Size  Location     Type
		None
 Auto vars:     Size  Location     Type
		None
 Return value:  Size  Location     Type
                  1    wreg      void 
 Registers used:
		wreg, fsr1l, fsr1h, fsr2l, fsr2h, status,2, status,0, prodl, prodh, cstack
 Tracked objects:
		On entry : 
		On exit  : 
		Unchanged: 
 Data sizes:     COMRAM   BANK0   BANK1   BANK2
      Params:         0       0       0       0
      Locals:         0       0       0       0
      Temps:          0       0       0       0
      Totals:         0       0       0       0
Total ram usage:        0 bytes
 Hardware stack levels required when called:    6
 This function calls:
		_CheckPWMOutput
		_InitI2C
		_InitPWM
		_InitPorts
 This function is called by:
		Startup code after reset
 This function uses a non-reentrant model


 *************** function _InitPorts *****************
 Defined at:
		line 106 in file "main.c"
 Parameters:    Size  Location     Type
		None
 Auto vars:     Size  Location     Type
		None
 Return value:  Size  Location     Type
                  1    wreg      void 
 Registers used:
		wreg, status,2
 Tracked objects:
		On entry : 
		On exit  : 
		Unchanged: 
 Data sizes:     COMRAM   BANK0   BANK1   BANK2
      Params:         0       0       0       0
      Locals:         0       0       0       0
      Temps:          0       0       0       0
      Totals:         0       0       0       0
Total ram usage:        0 bytes
 Hardware stack levels used:    1
 Hardware stack levels required when called:    2
 This function calls:
		Nothing
 This function is called by:
		_main
 This function uses a non-reentrant model


 *************** function _InitPWM *****************
 Defined at:
		line 56 in file "pwm.c"
 Parameters:    Size  Location     Type
		None
 Auto vars:     Size  Location     Type
  n               2    2[BANK0 ] int 
  i               2    0[BANK0 ] int 
 Return value:  Size  Location     Type
                  1    wreg      void 
 Registers used:
		wreg, fsr2l, fsr2h, status,2, status,0, prodl, prodh, cstack
 Tracked objects:
		On entry : 
		On exit  : 
		Unchanged: 
 Data sizes:     COMRAM   BANK0   BANK1   BANK2
      Params:         0       0       0       0
      Locals:         0       4       0       0
      Temps:          0       0       0       0
      Totals:         0       4       0       0
Total ram usage:        4 bytes
 Hardware stack levels used:    1
 Hardware stack levels required when called:    3
 This function calls:
		_SetPin
		___wmul
 This function is called by:
		_main
 This function uses a non-reentrant model


 *************** function _InitI2C *****************
 Defined at:
		line 8 in file "i2c.c"
 Parameters:    Size  Location     Type
		None
 Auto vars:     Size  Location     Type
		None
 Return value:  Size  Location     Type
                  1    wreg      void 
 Registers used:
		wreg, status,2
 Tracked objects:
		On entry : 
		On exit  : 
		Unchanged: 
 Data sizes:     COMRAM   BANK0   BANK1   BANK2
      Params:         0       0       0       0
      Locals:         0       0       0       0
      Temps:          0       0       0       0
      Totals:         0       0       0       0
Total ram usage:        0 bytes
 Hardware stack levels used:    1
 Hardware stack levels required when called:    2
 This function calls:
		Nothing
 This function is called by:
		_main
 This function uses a non-reentrant model


 *************** function _CheckPWMOutput *****************
 Defined at:
		line 261 in file "pwm.c"
 Parameters:    Size  Location     Type
		None
 Auto vars:     Size  Location     Type
  i               2   17[BANK0 ] int 
 Return value:  Size  Location     Type
                  1    wreg      void 
 Registers used:
		wreg, fsr1l, fsr1h, fsr2l, fsr2h, status,2, status,0, prodl, prodh, cstack
 Tracked objects:
		On entry : 
		On exit  : 
		Unchanged: 
 Data sizes:     COMRAM   BANK0   BANK1   BANK2
      Params:         0       0       0       0
      Locals:         0       2       0       0
      Temps:          0       2       0       0
      Totals:         0       4       0       0
Total ram usage:        4 bytes
 Hardware stack levels used:    1
 Hardware stack levels required when called:    5
 This function calls:
		_AcceleratePWM
		_SetPin
		___wmul
 This function is called by:
		_main
 This function uses a non-reentrant model


 *************** function _AcceleratePWM *****************
 Defined at:
		line 225 in file "pwm.c"
 Parameters:    Size  Location     Type
		None
 Auto vars:     Size  Location     Type
  i               2   13[BANK0 ] int 
 Return value:  Size  Location     Type
                  1    wreg      void 
 Registers used:
		wreg, fsr1l, fsr1h, fsr2l, fsr2h, status,2, status,0, prodl, prodh, cstack
 Tracked objects:
		On entry : 
		On exit  : 
		Unchanged: 
 Data sizes:     COMRAM   BANK0   BANK1   BANK2
      Params:         0       0       0       0
      Locals:         0       2       0       0
      Temps:          0       2       0       0
      Totals:         0       4       0       0
Total ram usage:        4 bytes
 Hardware stack levels used:    1
 Hardware stack levels required when called:    4
 This function calls:
		_AccelerateMotor
		_StopMotor
		___wmul
 This function is called by:
		_CheckPWMOutput
 This function uses a non-reentrant model


 *************** function _StopMotor *****************
 Defined at:
		line 158 in file "pwm.c"
 Parameters:    Size  Location     Type
  index           2    7[BANK0 ] int 
 Auto vars:     Size  Location     Type
		None
 Return value:  Size  Location     Type
                  1    wreg      void 
 Registers used:
		wreg, fsr1l, fsr1h, fsr2l, fsr2h, status,2, status,0, prodl, prodh, cstack
 Tracked objects:
		On entry : 
		On exit  : 
		Unchanged: 
 Data sizes:     COMRAM   BANK0   BANK1   BANK2
      Params:         0       2       0       0
      Locals:         0       0       0       0
      Temps:          1       0       0       0
      Totals:         1       2       0       0
Total ram usage:        3 bytes
 Hardware stack levels used:    1
 Hardware stack levels required when called:    3
 This function calls:
		_ExponentialProfile
		_SetPin
		___wmul
 This function is called by:
		_AcceleratePWM
 This function uses a non-reentrant model


 *************** function _SetPin *****************
 Defined at:
		line 10 in file "pwm.c"
 Parameters:    Size  Location     Type
  pin             1    wreg     unsigned char 
  value           1   28[COMRAM] unsigned char 
 Auto vars:     Size  Location     Type
  pin             1   29[COMRAM] unsigned char 
 Return value:  Size  Location     Type
                  1    wreg      void 
 Registers used:
		wreg, status,2, status,0
 Tracked objects:
		On entry : 
		On exit  : 
		Unchanged: 
 Data sizes:     COMRAM   BANK0   BANK1   BANK2
      Params:         1       0       0       0
      Locals:         1       0       0       0
      Temps:          0       0       0       0
      Totals:         2       0       0       0
Total ram usage:        2 bytes
 Hardware stack levels used:    1
 Hardware stack levels required when called:    2
 This function calls:
		Nothing
 This function is called by:
		_InitPWM
		_StopMotor
		_CheckPWMOutput
 This function uses a non-reentrant model


 *************** function _AccelerateMotor *****************
 Defined at:
		line 189 in file "pwm.c"
 Parameters:    Size  Location     Type
  index           2    7[BANK0 ] int 
 Auto vars:     Size  Location     Type
		None
 Return value:  Size  Location     Type
                  1    wreg      void 
 Registers used:
		wreg, fsr1l, fsr1h, fsr2l, fsr2h, status,2, status,0, prodl, prodh, cstack
 Tracked objects:
		On entry : 
		On exit  : 
		Unchanged: 
 Data sizes:     COMRAM   BANK0   BANK1   BANK2
      Params:         0       2       0       0
      Locals:         0       0       0       0
      Temps:          0       2       0       0
      Totals:         0       4       0       0
Total ram usage:        4 bytes
 Hardware stack levels used:    1
 Hardware stack levels required when called:    3
 This function calls:
		_ExponentialProfile
		___wmul
 This function is called by:
		_AcceleratePWM
 This function uses a non-reentrant model


 *************** function ___wmul *****************
 Defined at:
		line 15 in file "/Applications/microchip/xc8/v1.42/sources/common/Umul16.c"
 Parameters:    Size  Location     Type
  multiplier      2   22[COMRAM] unsigned int 
  multiplicand    2   24[COMRAM] unsigned int 
 Auto vars:     Size  Location     Type
  product         2   26[COMRAM] unsigned int 
 Return value:  Size  Location     Type
                  2   22[COMRAM] unsigned int 
 Registers used:
		wreg, status,2, status,0, prodl, prodh
 Tracked objects:
		On entry : 
		On exit  : 
		Unchanged: 
 Data sizes:     COMRAM   BANK0   BANK1   BANK2
      Params:         4       0       0       0
      Locals:         2       0       0       0
      Temps:          0       0       0       0
      Totals:         6       0       0       0
Total ram usage:        6 bytes
 Hardware stack levels used:    1
 Hardware stack levels required when called:    2
 This function calls:
		Nothing
 This function is called by:
		_InitPWM
		_StopMotor
		_AccelerateMotor
		_AcceleratePWM
		_CheckPWMOutput
 This function uses a non-reentrant model


 *************** function _ExponentialProfile *****************
 Defined at:
		line 110 in file "pwm.c"
 Parameters:    Size  Location     Type
  current         1    wreg     unsigned char 
  target          1   28[COMRAM] unsigned char 
 Auto vars:     Size  Location     Type
  current         1   30[COMRAM] unsigned char 
  change          1   29[COMRAM] unsigned char 
 Return value:  Size  Location     Type
                  1    wreg      unsigned char 
 Registers used:
		wreg, status,2, status,0
 Tracked objects:
		On entry : 
		On exit  : 
		Unchanged: 
 Data sizes:     COMRAM   BANK0   BANK1   BANK2
      Params:         1       0       0       0
      Locals:         2       0       0       0
      Temps:          0       7       0       0
      Totals:         3       7       0       0
Total ram usage:       10 bytes
 Hardware stack levels used:    1
 Hardware stack levels required when called:    2
 This function calls:
		Nothing
 This function is called by:
		_StopMotor
		_AccelerateMotor
 This function uses a non-reentrant model


 *************** function _I2C_Slave_Read *****************
 Defined at:
		line 91 in file "i2c.c"
 Parameters:    Size  Location     Type
		None
 Auto vars:     Size  Location     Type
		None
 Return value:  Size  Location     Type
                  1    wreg      void 
 Registers used:
		wreg, fsr2l, fsr2h, status,2, status,0, prodl, prodh, cstack
 Tracked objects:
		On entry : 
		On exit  : 
		Unchanged: 
 Data sizes:     COMRAM   BANK0   BANK1   BANK2
      Params:         0       0       0       0
      Locals:         0       0       0       0
      Temps:         16       0       0       0
      Totals:        16       0       0       0
Total ram usage:       16 bytes
 Hardware stack levels used:    1
 Hardware stack levels required when called:    1
 This function calls:
		i2___wmul
 This function is called by:
		Interrupt level 2
 This function uses a non-reentrant model


 *************** function i2___wmul *****************
 Defined at:
		line 15 in file "/Applications/microchip/xc8/v1.42/sources/common/Umul16.c"
 Parameters:    Size  Location     Type
  multiplier      2    0[COMRAM] unsigned int 
  multiplicand    2    2[COMRAM] unsigned int 
 Auto vars:     Size  Location     Type
  __wmul          2    4[COMRAM] unsigned int 
 Return value:  Size  Location     Type
                  2    0[COMRAM] unsigned int 
 Registers used:
		wreg, status,2, status,0, prodl, prodh
 Tracked objects:
		On entry : 
		On exit  : 
		Unchanged: 
 Data sizes:     COMRAM   BANK0   BANK1   BANK2
      Params:         4       0       0       0
      Locals:         2       0       0       0
      Temps:          0       0       0       0
      Totals:         6       0       0       0
Total ram usage:        6 bytes
 Hardware stack levels used:    1
 This function calls:
		Nothing
 This function is called by:
		_I2C_Slave_Read
 This function uses a non-reentrant model



MODULE INFORMATION

Module		Function		Class		Link	Load	Size
/Applications/microchip/xc8/v1.42/sources/common/Umul16.c
		___wmul        		CODE           	195E	0000	39

/Applications/microchip/xc8/v1.42/sources/common/Umul16.c estimated size: 39

i2c.c
		_I2C_Slave_Read		CODE           	0008	0000	923
		_InitI2C       		CODE           	19AA	0000	35

i2c.c estimated size: 958

pwm.c
		_StopMotor     		CODE           	1194	0000	837
		_AccelerateMotor		CODE           	09BE	0000	1117
		_InitPWM       		CODE           	14D8	0000	555
		_ExponentialProfile		CODE           	0E1A	0000	891
		_AcceleratePWM 		CODE           	1702	0000	325
		_SetPin        		CODE           	1846	0000	225
		_CheckPWMOutput		CODE           	03A6	0000	1561

pwm.c estimated size: 5511

shared
		i2___wmul      		CODE           	1984	0000	39
		__initialization		CODE           	1926	0000	43

shared estimated size: 82

main.c
		_InitPorts     		CODE           	19E4	0000	15
		_main          		CODE           	19CC	0000	25

main.c estimated size: 40

