Microchip MPLAB XC8 Compiler V1.42 ()

Linker command line:

-W-3 --edf=/Applications/microchip/xc8/v1.42/dat/en_msgs.txt -cs \
  -h+dist/default/production/robbie-pic-motor-controller.X.production.sym \
  --cmf=dist/default/production/robbie-pic-motor-controller.X.production.cmf \
  -z -Q18F14K50 -o/tmp/xcZU1H9O0 \
  -Mdist/default/production/robbie-pic-motor-controller.X.production.map \
  -E1 -ver=XC8 -ASTACK=060h-02ffh -pstack=STACK -ACODE=00h-03FFFh \
  -ACONST=00h-03FFFh -ASMALLCONST=0300h-03FFhx61 -AMEDIUMCONST=0300h-03FFFh \
  -ACOMRAM=01h-05Fh -AABS1=00h-02FFh -ABIGRAM=01h-02FFh \
  -ARAM=060h-0FFh,0100h-01FFhx2 -ABANK0=060h-0FFh -ABANK1=0100h-01FFh \
  -ABANK2=0200h-02FFh -ASFR=0F53h-0F5Fh,0F60h-0FFFh \
  -preset_vec=00h,intcode=08h,intcodelo,powerup,init -pramtop=0300h \
  -psmallconst=SMALLCONST -pmediumconst=MEDIUMCONST -pconst=CONST \
  -AFARRAM=00h-00h -ACONFIG=0300000h-030000Dh -pconfig=CONFIG \
  -AIDLOC=0200000h-0200007h -pidloc=IDLOC -AEEDATA=0F00000h-0F000FFh \
  -peeprom_data=EEDATA \
  -prdata=COMRAM,nvrram=COMRAM,nvbit=COMRAM,rbss=COMRAM,rbit=COMRAM \
  -pfarbss=FARRAM,fardata=FARRAM,nvFARRAM=FARRAM \
  -pintsave_regs=BIGRAM,bigbss=BIGRAM,bigdata=BIGRAM -pbss=RAM \
  -pidata=CODE,irdata=CODE,ibigdata=CODE,ifardata=CODE -prparam=COMRAM \
  /tmp/xcyb6nB2I.obj \
  dist/default/production/robbie-pic-motor-controller.X.production.obj 

Object code version is 3.11

Machine type is 18F14K50

Call graph: (short form)




                Name                               Link     Load   Length Selector   Space Scale
/tmp/xcyb6nB2I.obj
                init                                236      236        4        4       0
                reset_vec                             0        0        4        0       0
                idloc                            200000   200000        8   200000       0
                config                           300000   300000        E   300000       0
dist/default/production/robbie-pic-motor-controller.X.production.obj
                intcode                               8        8      22E        4       0
                temp                                 2E       2E        1        1       1
                text9                               23A      23A      27A        4       0
                text8                               714      714       8C        4       0
                text7                               688      688       8C        4       0
                text6                               5EC      5EC       9C        4       0
                text5                               550      550       9C        4       0
                text4                               7A0      7A0       6C        4       0
                text3                               4B4      4B4       9C        4       0
                text2                               884      884       2A        4       0
                text1                               80C      80C       3E        4       0
                text0                               8AE      8AE       26        4       0
                cstackCOMRAM                          1        1       1D        1       1
                dataCOMRAM                           2A       2A        4        1       1
                bssCOMRAM                            1E       1E        C        1       1
                cinit                               84A      84A       3A        4       0
                idataCOMRAM                         8D4      8D4        4        4       0

TOTAL           Name                               Link     Load   Length     Space
        CLASS   STACK          

        CLASS   CODE           
                intcode                               8        8      22E         0
                init                                236      236        4         0
                reset_vec                             0        0        4         0
                text9                               23A      23A      27A         0
                text8                               714      714       8C         0
                text7                               688      688       8C         0
                text6                               5EC      5EC       9C         0
                text5                               550      550       9C         0
                text4                               7A0      7A0       6C         0
                text3                               4B4      4B4       9C         0
                text2                               884      884       2A         0
                text1                               80C      80C       3E         0
                text0                               8AE      8AE       26         0
                cinit                               84A      84A       3A         0
                idataCOMRAM                         8D4      8D4        4         0

        CLASS   CONST          

        CLASS   SMALLCONST     

        CLASS   MEDIUMCONST    

        CLASS   COMRAM         
                temp                                 2E       2E        1         1
                cstackCOMRAM                          1        1       1D         1
                dataCOMRAM                           2A       2A        4         1
                bssCOMRAM                            1E       1E        C         1

        CLASS   ABS1           

        CLASS   BIGRAM         

        CLASS   RAM            

        CLASS   BANK0          

        CLASS   BANK1          

        CLASS   BANK2          

        CLASS   SFR            

        CLASS   FARRAM         

        CLASS   CONFIG         
                config                           300000   300000        E         0

        CLASS   IDLOC          
                idloc                            200000   200000        8         0

        CLASS   EEDATA         



SEGMENTS        Name                           Load    Length   Top    Selector   Space  Class

                reset_vec                      000000  000004  000004         0       0  CODE    
                cstackCOMRAM                   000001  00002E  00002F         1       1  COMRAM  
                intcode                        000008  0008D0  0008D8         4       0  CODE    
                idloc                          200000  000008  200008    200000       0  IDLOC   
                config                         300000  00000E  30000E    300000       0  CONFIG  


UNUSED ADDRESS RANGES

        Name                Unused          Largest block    Delta
        BANK0            000060-0000FF               A0
        BANK1            000100-0001FF              100
        BANK2            000200-0002FF              100
        BIGRAM           00002F-0002FF              2D1
        CODE             000004-000007                4
                         0008D8-003FFF             3728
        COMRAM           00002F-00005F               31
        CONST            000004-000007                4
                         0008D8-003FFF             3728
        EEDATA           F00000-F000FF              100
        MEDIUMCONST      0008D8-003FFF             3728
        RAM              000060-0002FF              100
        SFR              000F53-000FFF                D
        SMALLCONST       0008D8-003FFF              100
        STACK            000060-0002FF              2A0

                                  Symbol Table

ExponentialProfile@change    cstackCOMRAM 000018
ExponentialProfile@current   cstackCOMRAM 000019
ExponentialProfile@target    cstackCOMRAM 000010
_AccelCount                  bssCOMRAM    000024
_AccelRate                   dataCOMRAM   00002A
_AccelType                   dataCOMRAM   00002C
_AccelerateLeft              text8        000714
_AcceleratePWM               text4        0007A0
_AccelerateRight             text7        000688
_CheckPWMOutput              text3        0004B4
_ExponentialProfile          text9        00023A
_I2C_Slave_Read              intcode      000008
_INTCON2bits                 (abs)        000FF1
_INTCONbits                  (abs)        000FF2
_InitI2C                     text2        000884
_InitPWM                     text1        00080C
_LATAbits                    (abs)        000F89
_LATC                        (abs)        000F8B
_LATCbits                    (abs)        000F8B
_LeftPWM                     bssCOMRAM    000021
_MinimumDuty                 bssCOMRAM    000028
_OSCCONbits                  (abs)        000FD3
_PIE1bits                    (abs)        000F9D
_PIR1bits                    (abs)        000F9E
_PWMEnable                   dataCOMRAM   00002D
_PWMPause                    bssCOMRAM    000029
_RightPWM                    bssCOMRAM    00001E
_SSPADD                      (abs)        000FC8
_SSPBUF                      (abs)        000FC9
_SSPCON1bits                 (abs)        000FC6
_SSPCON2bits                 (abs)        000FC5
_SSPMSKbits                  (abs)        000F6F
_SSPSTATbits                 (abs)        000FC7
_StopLeft                    text6        0005EC
_StopRight                   text5        000550
_T0CONbits                   (abs)        000FD5
_TMR0                        (abs)        000FD6
_TRISAbits                   (abs)        000F92
_TRISBbits                   (abs)        000F93
_TRISCbits                   (abs)        000F94
_WPUBbits                    (abs)        000F78
__CFG_BBSIZ$OFF              (abs)        000000
__CFG_BOREN$SBORDIS          (abs)        000000
__CFG_BORV$19                (abs)        000000
__CFG_CP0$OFF                (abs)        000000
__CFG_CP1$OFF                (abs)        000000
__CFG_CPB$OFF                (abs)        000000
__CFG_CPD$OFF                (abs)        000000
__CFG_CPUDIV$NOCLKDIV        (abs)        000000
__CFG_EBTR0$OFF              (abs)        000000
__CFG_EBTR1$OFF              (abs)        000000
__CFG_EBTRB$OFF              (abs)        000000
__CFG_FCMEN$OFF              (abs)        000000
__CFG_FOSC$IRC               (abs)        000000
__CFG_HFOFST$ON              (abs)        000000
__CFG_IESO$OFF               (abs)        000000
__CFG_LVP$OFF                (abs)        000000
__CFG_MCLRE$OFF              (abs)        000000
__CFG_PCLKEN$ON              (abs)        000000
__CFG_PLLEN$OFF              (abs)        000000
__CFG_PWRTEN$OFF             (abs)        000000
__CFG_STVREN$ON              (abs)        000000
__CFG_USBDIV$OFF             (abs)        000000
__CFG_WDTEN$OFF              (abs)        000000
__CFG_WDTPS$32768            (abs)        000000
__CFG_WRT0$OFF               (abs)        000000
__CFG_WRT1$OFF               (abs)        000000
__CFG_WRTB$OFF               (abs)        000000
__CFG_WRTC$OFF               (abs)        000000
__CFG_WRTD$OFF               (abs)        000000
__CFG_XINST$OFF              (abs)        000000
__HRAM                       (abs)        000000
__Habs1                      abs1         000000
__Hbank0                     bank0        000000
__Hbank1                     bank1        000000
__Hbank2                     bank2        000000
__Hbigbss                    bigbss       000000
__Hbigdata                   bigdata      000000
__Hbigram                    bigram       000000
__Hbss                       bss          000000
__HbssCOMRAM                 bssCOMRAM    000000
__Hcinit                     cinit        000000
__Hclrtext                   clrtext      000000
__Hcomram                    comram       000000
__Hconfig                    config       30000E
__Hconst                     const        000000
__HcstackCOMRAM              cstackCOMRAM 000000
__Hdata                      data         000000
__HdataCOMRAM                dataCOMRAM   000000
__Heeprom_data               eeprom_data  000000
__Hfarbss                    farbss       000000
__Hfardata                   fardata      000000
__Hibigdata                  ibigdata     000000
__Hidata                     idata        000000
__HidataCOMRAM               idataCOMRAM  000000
__Hidloc                     idloc        200008
__Hifardata                  ifardata     000000
__Hinit                      init         00023A
__Hintcode                   intcode      000236
__Hintcode_body              intcode_body 000000
__Hintcodelo                 intcodelo    000236
__Hintentry                  intentry     000000
__Hintret                    intret       000000
__Hintsave_regs              intsave_regs 000000
__Hirdata                    irdata       000000
__Hmediumconst               mediumconst  000000
__HnvFARRAM                  nvFARRAM     000000
__Hnvbit                     nvbit        000000
__Hnvrram                    nvrram       000000
__Hparam                     rparam       000000
__Hpowerup                   powerup      000236
__Hram                       ram          000000
__Hramtop                    ramtop       000300
__Hrbit                      rbit         000000
__Hrbss                      rbss         000000
__Hrdata                     rdata        000000
__Hreset_vec                 reset_vec    000004
__Hrparam                    rparam       000000
__Hsfr                       sfr          000000
__Hsmallconst                smallconst   000000
__Hspace_0                   (abs)        30000E
__Hspace_1                   (abs)        00002F
__Hspace_2                   (abs)        000000
__Hstack                     stack        000000
__Hstruct                    struct       000000
__Htemp                      temp         00002F
__Htext                      text         000000
__Htext0                     text0        000000
__Htext1                     text1        000000
__Htext2                     text2        000000
__Htext3                     text3        000000
__Htext4                     text4        000000
__Htext5                     text5        000000
__Htext6                     text6        000000
__Htext7                     text7        000000
__Htext8                     text8        000000
__Htext9                     text9        000000
__LRAM                       (abs)        000001
__Labs1                      abs1         000000
__Lbank0                     bank0        000000
__Lbank1                     bank1        000000
__Lbank2                     bank2        000000
__Lbigbss                    bigbss       000000
__Lbigdata                   bigdata      000000
__Lbigram                    bigram       000000
__Lbss                       bss          000000
__LbssCOMRAM                 bssCOMRAM    000000
__Lcinit                     cinit        000000
__Lclrtext                   clrtext      000000
__Lcomram                    comram       000000
__Lconfig                    config       300000
__Lconst                     const        000000
__LcstackCOMRAM              cstackCOMRAM 000000
__Ldata                      data         000000
__LdataCOMRAM                dataCOMRAM   000000
__Leeprom_data               eeprom_data  000000
__Lfarbss                    farbss       000000
__Lfardata                   fardata      000000
__Libigdata                  ibigdata     000000
__Lidata                     idata        000000
__LidataCOMRAM               idataCOMRAM  000000
__Lidloc                     idloc        200000
__Lifardata                  ifardata     000000
__Linit                      init         000236
__Lintcode                   intcode      000008
__Lintcode_body              intcode_body 000000
__Lintcodelo                 intcodelo    000236
__Lintentry                  intentry     000000
__Lintret                    intret       000000
__Lintsave_regs              intsave_regs 000000
__Lirdata                    irdata       000000
__Lmediumconst               mediumconst  000000
__LnvFARRAM                  nvFARRAM     000000
__Lnvbit                     nvbit        000000
__Lnvrram                    nvrram       000000
__Lparam                     rparam       000000
__Lpowerup                   powerup      000236
__Lram                       ram          000000
__Lramtop                    ramtop       000300
__Lrbit                      rbit         000000
__Lrbss                      rbss         000000
__Lrdata                     rdata        000000
__Lreset_vec                 reset_vec    000000
__Lrparam                    rparam       000000
__Lsfr                       sfr          000000
__Lsmallconst                smallconst   000000
__Lspace_0                   (abs)        000000
__Lspace_1                   (abs)        000000
__Lspace_2                   (abs)        000000
__Lstack                     stack        000000
__Lstruct                    struct       000000
__Ltemp                      temp         00002E
__Ltext                      text         000000
__Ltext0                     text0        000000
__Ltext1                     text1        000000
__Ltext2                     text2        000000
__Ltext3                     text3        000000
__Ltext4                     text4        000000
__Ltext5                     text5        000000
__Ltext6                     text6        000000
__Ltext7                     text7        000000
__Ltext8                     text8        000000
__Ltext9                     text9        000000
__S0                         (abs)        30000E
__S1                         (abs)        00002F
__S2                         (abs)        000000
___inthi_sp                  stack        000000
___intlo_sp                  stack        000000
___param_bank                (abs)        000000
___rparam_used               (abs)        000001
___sp                        stack        000000
__accesstop                  (abs)        000060
__activetblptr               (abs)        000002
__end_of_AccelerateLeft      text8        0007A0
__end_of_AcceleratePWM       text4        00080C
__end_of_AccelerateRight     text7        000714
__end_of_CheckPWMOutput      text3        000550
__end_of_ExponentialProfile  text9        0004B4
__end_of_I2C_Slave_Read      intcode      000236
__end_of_InitI2C             text2        0008AE
__end_of_InitPWM             text1        00084A
__end_of_StopLeft            text6        000688
__end_of_StopRight           text5        0005EC
__end_of__initialization     cinit        000876
__end_of_main                text0        0008D4
__initialization             cinit        00084A
__mediumconst                mediumconst  000000
__pbssCOMRAM                 bssCOMRAM    00001E
__pcinit                     cinit        00084A
__pcstackCOMRAM              cstackCOMRAM 000001
__pdataCOMRAM                dataCOMRAM   00002A
__pidataCOMRAM               idataCOMRAM  0008D4
__pintcode                   intcode      000008
__ptext0                     text0        0008AE
__ptext1                     text1        00080C
__ptext2                     text2        000884
__ptext3                     text3        0004B4
__ptext4                     text4        0007A0
__ptext5                     text5        000550
__ptext6                     text6        0005EC
__ptext7                     text7        000688
__ptext8                     text8        000714
__ptext9                     text9        00023A
__ramtop                     ramtop       000300
__size_of_AccelerateLeft     (abs)        000000
__size_of_AcceleratePWM      (abs)        000000
__size_of_AccelerateRight    (abs)        000000
__size_of_CheckPWMOutput     (abs)        000000
__size_of_ExponentialProfile (abs)        000000
__size_of_I2C_Slave_Read     (abs)        000000
__size_of_InitI2C            (abs)        000000
__size_of_InitPWM            (abs)        000000
__size_of_StopLeft           (abs)        000000
__size_of_StopRight          (abs)        000000
__size_of_main               (abs)        000000
__smallconst                 smallconst   000000
_currentByte                 bssCOMRAM    000027
_main                        text0        0008AE
_state                       bssCOMRAM    000026
btemp                        temp         00002E
end_of_initialization        cinit        000876
int$flags                    temp         00002E
intlevel0                    text         000000
intlevel1                    text         000000
intlevel2                    text         000000
intlevel3                    text         000000
stackhi                      (abs)        0002FF
stacklo                      (abs)        000060
start                        init         000236
start_initialization         cinit        00084A


FUNCTION INFORMATION:

 *************** function _main *****************
 Defined at:
		line 76 in file "main.c"
 Parameters:    Size  Location     Type
		None
 Auto vars:     Size  Location     Type
		None
 Return value:  Size  Location     Type
                  1    wreg      void 
 Registers used:
		wreg, status,2, status,0, cstack
 Tracked objects:
		On entry : 
		On exit  : 
		Unchanged: 
 Data sizes:     COMRAM   BANK0   BANK1   BANK2
      Params:         0       0       0       0
      Locals:         0       0       0       0
      Temps:          0       0       0       0
      Totals:         0       0       0       0
Total ram usage:        0 bytes
 Hardware stack levels required when called:    5
 This function calls:
		_CheckPWMOutput
		_InitI2C
		_InitPWM
 This function is called by:
		Startup code after reset
 This function uses a non-reentrant model


 *************** function _InitPWM *****************
 Defined at:
		line 10 in file "pwm.c"
 Parameters:    Size  Location     Type
		None
 Auto vars:     Size  Location     Type
		None
 Return value:  Size  Location     Type
                  1    wreg      void 
 Registers used:
		wreg, status,2
 Tracked objects:
		On entry : 
		On exit  : 
		Unchanged: 
 Data sizes:     COMRAM   BANK0   BANK1   BANK2
      Params:         0       0       0       0
      Locals:         0       0       0       0
      Temps:          0       0       0       0
      Totals:         0       0       0       0
Total ram usage:        0 bytes
 Hardware stack levels used:    1
 Hardware stack levels required when called:    1
 This function calls:
		Nothing
 This function is called by:
		_main
 This function uses a non-reentrant model


 *************** function _InitI2C *****************
 Defined at:
		line 8 in file "i2c.c"
 Parameters:    Size  Location     Type
		None
 Auto vars:     Size  Location     Type
		None
 Return value:  Size  Location     Type
                  1    wreg      void 
 Registers used:
		wreg, status,2
 Tracked objects:
		On entry : 
		On exit  : 
		Unchanged: 
 Data sizes:     COMRAM   BANK0   BANK1   BANK2
      Params:         0       0       0       0
      Locals:         0       0       0       0
      Temps:          0       0       0       0
      Totals:         0       0       0       0
Total ram usage:        0 bytes
 Hardware stack levels used:    1
 Hardware stack levels required when called:    1
 This function calls:
		Nothing
 This function is called by:
		_main
 This function uses a non-reentrant model


 *************** function _CheckPWMOutput *****************
 Defined at:
		line 267 in file "pwm.c"
 Parameters:    Size  Location     Type
		None
 Auto vars:     Size  Location     Type
		None
 Return value:  Size  Location     Type
                  1    wreg      void 
 Registers used:
		wreg, status,2, status,0, cstack
 Tracked objects:
		On entry : 
		On exit  : 
		Unchanged: 
 Data sizes:     COMRAM   BANK0   BANK1   BANK2
      Params:         0       0       0       0
      Locals:         0       0       0       0
      Temps:          2       0       0       0
      Totals:         2       0       0       0
Total ram usage:        2 bytes
 Hardware stack levels used:    1
 Hardware stack levels required when called:    4
 This function calls:
		_AcceleratePWM
 This function is called by:
		_main
 This function uses a non-reentrant model


 *************** function _AcceleratePWM *****************
 Defined at:
		line 227 in file "pwm.c"
 Parameters:    Size  Location     Type
		None
 Auto vars:     Size  Location     Type
		None
 Return value:  Size  Location     Type
                  1    wreg      void 
 Registers used:
		wreg, status,2, status,0, cstack
 Tracked objects:
		On entry : 
		On exit  : 
		Unchanged: 
 Data sizes:     COMRAM   BANK0   BANK1   BANK2
      Params:         0       0       0       0
      Locals:         0       0       0       0
      Temps:          1       0       0       0
      Totals:         1       0       0       0
Total ram usage:        1 bytes
 Hardware stack levels used:    1
 Hardware stack levels required when called:    3
 This function calls:
		_AccelerateLeft
		_AccelerateRight
		_StopLeft
		_StopRight
 This function is called by:
		_CheckPWMOutput
 This function uses a non-reentrant model


 *************** function _StopRight *****************
 Defined at:
		line 130 in file "pwm.c"
 Parameters:    Size  Location     Type
		None
 Auto vars:     Size  Location     Type
		None
 Return value:  Size  Location     Type
                  1    wreg      void 
 Registers used:
		wreg, status,2, status,0, cstack
 Tracked objects:
		On entry : 
		On exit  : 
		Unchanged: 
 Data sizes:     COMRAM   BANK0   BANK1   BANK2
      Params:         0       0       0       0
      Locals:         0       0       0       0
      Temps:          1       0       0       0
      Totals:         1       0       0       0
Total ram usage:        1 bytes
 Hardware stack levels used:    1
 Hardware stack levels required when called:    2
 This function calls:
		_ExponentialProfile
 This function is called by:
		_AcceleratePWM
 This function uses a non-reentrant model


 *************** function _StopLeft *****************
 Defined at:
		line 98 in file "pwm.c"
 Parameters:    Size  Location     Type
		None
 Auto vars:     Size  Location     Type
		None
 Return value:  Size  Location     Type
                  1    wreg      void 
 Registers used:
		wreg, status,2, status,0, cstack
 Tracked objects:
		On entry : 
		On exit  : 
		Unchanged: 
 Data sizes:     COMRAM   BANK0   BANK1   BANK2
      Params:         0       0       0       0
      Locals:         0       0       0       0
      Temps:          1       0       0       0
      Totals:         1       0       0       0
Total ram usage:        1 bytes
 Hardware stack levels used:    1
 Hardware stack levels required when called:    2
 This function calls:
		_ExponentialProfile
 This function is called by:
		_AcceleratePWM
 This function uses a non-reentrant model


 *************** function _AccelerateRight *****************
 Defined at:
		line 191 in file "pwm.c"
 Parameters:    Size  Location     Type
		None
 Auto vars:     Size  Location     Type
		None
 Return value:  Size  Location     Type
                  1    wreg      void 
 Registers used:
		wreg, status,2, status,0, cstack
 Tracked objects:
		On entry : 
		On exit  : 
		Unchanged: 
 Data sizes:     COMRAM   BANK0   BANK1   BANK2
      Params:         0       0       0       0
      Locals:         0       0       0       0
      Temps:          0       0       0       0
      Totals:         0       0       0       0
Total ram usage:        0 bytes
 Hardware stack levels used:    1
 Hardware stack levels required when called:    2
 This function calls:
		_ExponentialProfile
 This function is called by:
		_AcceleratePWM
 This function uses a non-reentrant model


 *************** function _AccelerateLeft *****************
 Defined at:
		line 162 in file "pwm.c"
 Parameters:    Size  Location     Type
		None
 Auto vars:     Size  Location     Type
		None
 Return value:  Size  Location     Type
                  1    wreg      void 
 Registers used:
		wreg, status,2, status,0, cstack
 Tracked objects:
		On entry : 
		On exit  : 
		Unchanged: 
 Data sizes:     COMRAM   BANK0   BANK1   BANK2
      Params:         0       0       0       0
      Locals:         0       0       0       0
      Temps:          0       0       0       0
      Totals:         0       0       0       0
Total ram usage:        0 bytes
 Hardware stack levels used:    1
 Hardware stack levels required when called:    2
 This function calls:
		_ExponentialProfile
 This function is called by:
		_AcceleratePWM
 This function uses a non-reentrant model


 *************** function _ExponentialProfile *****************
 Defined at:
		line 51 in file "pwm.c"
 Parameters:    Size  Location     Type
  current         1    wreg     unsigned char 
  target          1   15[COMRAM] unsigned char 
 Auto vars:     Size  Location     Type
  current         1   24[COMRAM] unsigned char 
  change          1   23[COMRAM] unsigned char 
 Return value:  Size  Location     Type
                  1    wreg      unsigned char 
 Registers used:
		wreg, status,2, status,0
 Tracked objects:
		On entry : 
		On exit  : 
		Unchanged: 
 Data sizes:     COMRAM   BANK0   BANK1   BANK2
      Params:         1       0       0       0
      Locals:         2       0       0       0
      Temps:          7       0       0       0
      Totals:        10       0       0       0
Total ram usage:       10 bytes
 Hardware stack levels used:    1
 Hardware stack levels required when called:    1
 This function calls:
		Nothing
 This function is called by:
		_StopLeft
		_StopRight
		_AccelerateLeft
		_AccelerateRight
 This function uses a non-reentrant model


 *************** function _I2C_Slave_Read *****************
 Defined at:
		line 94 in file "i2c.c"
 Parameters:    Size  Location     Type
		None
 Auto vars:     Size  Location     Type
		None
 Return value:  Size  Location     Type
                  1    wreg      void 
 Registers used:
		wreg, status,2, status,0
 Tracked objects:
		On entry : 
		On exit  : 
		Unchanged: 
 Data sizes:     COMRAM   BANK0   BANK1   BANK2
      Params:         0       0       0       0
      Locals:         0       0       0       0
      Temps:         15       0       0       0
      Totals:        15       0       0       0
Total ram usage:       15 bytes
 Hardware stack levels used:    1
 This function calls:
		Nothing
 This function is called by:
		Interrupt level 2
 This function uses a non-reentrant model



MODULE INFORMATION

Module		Function		Class		Link	Load	Size
i2c.c
		_I2C_Slave_Read		CODE           	0008	0000	559
		_InitI2C       		CODE           	0884	0000	43

i2c.c estimated size: 602

pwm.c
		_AccelerateRight		CODE           	0688	0000	141
		_InitPWM       		CODE           	080C	0000	63
		_ExponentialProfile		CODE           	023A	0000	635
		_AcceleratePWM 		CODE           	07A0	0000	109
		_StopLeft      		CODE           	05EC	0000	157
		_AccelerateLeft		CODE           	0714	0000	141
		_StopRight     		CODE           	0550	0000	157
		_CheckPWMOutput		CODE           	04B4	0000	157

pwm.c estimated size: 1560

shared
		__initialization		CODE           	084A	0000	45

shared estimated size: 45

main.c
		_main          		CODE           	08AE	0000	39

main.c estimated size: 39

